mode: set
github.com/owulveryck/gchoreography/choreography/executor.go:21.40,25.16 3 1
github.com/owulveryck/gchoreography/choreography/executor.go:30.2,31.16 2 1
github.com/owulveryck/gchoreography/choreography/executor.go:35.2,37.16 3 1
github.com/owulveryck/gchoreography/choreography/executor.go:42.2,53.16 7 1
github.com/owulveryck/gchoreography/choreography/executor.go:56.2,56.27 1 1
github.com/owulveryck/gchoreography/choreography/executor.go:60.2,60.12 1 1
github.com/owulveryck/gchoreography/choreography/executor.go:25.16,27.3 1 1
github.com/owulveryck/gchoreography/choreography/executor.go:31.16,34.3 1 1
github.com/owulveryck/gchoreography/choreography/executor.go:37.16,39.3 1 0
github.com/owulveryck/gchoreography/choreography/executor.go:53.16,55.3 1 0
github.com/owulveryck/gchoreography/choreography/executor.go:56.27,58.3 1 1
github.com/owulveryck/gchoreography/choreography/graph.go:36.57,39.2 2 0
github.com/owulveryck/gchoreography/choreography/graph.go:44.42,51.25 6 1
github.com/owulveryck/gchoreography/choreography/graph.go:54.2,54.25 1 1
github.com/owulveryck/gchoreography/choreography/graph.go:59.2,61.6 3 1
github.com/owulveryck/gchoreography/choreography/graph.go:51.25,53.3 1 1
github.com/owulveryck/gchoreography/choreography/graph.go:54.25,57.3 2 1
github.com/owulveryck/gchoreography/choreography/graph.go:61.6,62.10 1 1
github.com/owulveryck/gchoreography/choreography/graph.go:63.3,64.29 1 1
github.com/owulveryck/gchoreography/choreography/graph.go:73.4,75.27 3 1
github.com/owulveryck/gchoreography/choreography/graph.go:89.4,89.12 1 1
github.com/owulveryck/gchoreography/choreography/graph.go:92.3,101.10 3 1
github.com/owulveryck/gchoreography/choreography/graph.go:102.3,108.5 0 1
github.com/owulveryck/gchoreography/choreography/graph.go:64.29,65.28 1 1
github.com/owulveryck/gchoreography/choreography/graph.go:65.28,66.31 1 1
github.com/owulveryck/gchoreography/choreography/graph.go:66.31,70.7 3 1
github.com/owulveryck/gchoreography/choreography/graph.go:75.27,76.28 1 1
github.com/owulveryck/gchoreography/choreography/graph.go:76.28,77.13 1 1
github.com/owulveryck/gchoreography/choreography/graph.go:78.6,80.24 2 1
github.com/owulveryck/gchoreography/choreography/graph.go:81.6,83.24 2 1
github.com/owulveryck/gchoreography/choreography/graph.go:84.6,85.24 1 1
github.com/owulveryck/gchoreography/choreography/graph.go:89.12,91.5 1 1
github.com/owulveryck/gchoreography/choreography/graph.go:114.31,115.49 1 1
github.com/owulveryck/gchoreography/choreography/graph.go:118.2,118.21 1 1
github.com/owulveryck/gchoreography/choreography/graph.go:115.49,117.3 1 1
github.com/owulveryck/gchoreography/choreography/node.go:46.51,47.23 1 1
github.com/owulveryck/gchoreography/choreography/node.go:53.2,68.16 10 1
github.com/owulveryck/gchoreography/choreography/node.go:73.2,75.46 2 1
github.com/owulveryck/gchoreography/choreography/node.go:80.2,81.39 2 1
github.com/owulveryck/gchoreography/choreography/node.go:85.2,88.38 2 1
github.com/owulveryck/gchoreography/choreography/node.go:104.2,104.12 1 1
github.com/owulveryck/gchoreography/choreography/node.go:47.23,49.17 2 0
github.com/owulveryck/gchoreography/choreography/node.go:49.17,51.4 1 0
github.com/owulveryck/gchoreography/choreography/node.go:68.16,72.3 2 0
github.com/owulveryck/gchoreography/choreography/node.go:75.46,79.3 2 0
github.com/owulveryck/gchoreography/choreography/node.go:81.39,84.3 2 0
github.com/owulveryck/gchoreography/choreography/node.go:88.38,91.17 3 1
github.com/owulveryck/gchoreography/choreography/node.go:95.3,97.42 3 1
github.com/owulveryck/gchoreography/choreography/node.go:101.3,102.30 2 1
github.com/owulveryck/gchoreography/choreography/node.go:91.17,94.4 2 0
github.com/owulveryck/gchoreography/choreography/node.go:97.42,100.4 2 0
github.com/owulveryck/gchoreography/choreography/node.go:108.56,114.12 5 1
github.com/owulveryck/gchoreography/choreography/node.go:174.2,174.10 1 1
github.com/owulveryck/gchoreography/choreography/node.go:114.12,116.24 2 1
github.com/owulveryck/gchoreography/choreography/node.go:172.3,172.11 1 1
github.com/owulveryck/gchoreography/choreography/node.go:116.24,123.42 7 1
github.com/owulveryck/gchoreography/choreography/node.go:126.4,127.27 2 1
github.com/owulveryck/gchoreography/choreography/node.go:139.4,139.30 1 1
github.com/owulveryck/gchoreography/choreography/node.go:142.4,142.26 1 1
github.com/owulveryck/gchoreography/choreography/node.go:123.42,125.5 1 1
github.com/owulveryck/gchoreography/choreography/node.go:127.27,129.53 2 1
github.com/owulveryck/gchoreography/choreography/node.go:134.5,135.31 2 1
github.com/owulveryck/gchoreography/choreography/node.go:129.53,131.6 1 1
github.com/owulveryck/gchoreography/choreography/node.go:131.6,131.40 1 1
github.com/owulveryck/gchoreography/choreography/node.go:131.40,133.6 1 1
github.com/owulveryck/gchoreography/choreography/node.go:135.31,136.14 1 1
github.com/owulveryck/gchoreography/choreography/node.go:139.30,141.5 1 1
github.com/owulveryck/gchoreography/choreography/node.go:142.26,144.32 1 1
github.com/owulveryck/gchoreography/choreography/node.go:153.5,154.21 2 1
github.com/owulveryck/gchoreography/choreography/node.go:169.5,169.43 1 1
github.com/owulveryck/gchoreography/choreography/node.go:144.32,148.27 2 1
github.com/owulveryck/gchoreography/choreography/node.go:148.27,151.7 2 0
github.com/owulveryck/gchoreography/choreography/node.go:155.5,156.23 1 1
github.com/owulveryck/gchoreography/choreography/node.go:157.5,161.75 4 1
github.com/owulveryck/gchoreography/choreography/node.go:162.5,164.42 2 1
github.com/owulveryck/gchoreography/choreography/node.go:164.42,166.7 1 0
github.com/owulveryck/gchoreography/choreography/structure.go:38.32,41.2 2 1
github.com/owulveryck/gchoreography/choreography/util.go:22.51,24.25 2 1
github.com/owulveryck/gchoreography/choreography/util.go:32.2,32.10 1 1
github.com/owulveryck/gchoreography/choreography/util.go:24.25,26.18 2 1
github.com/owulveryck/gchoreography/choreography/util.go:26.18,27.8 1 1
github.com/owulveryck/gchoreography/choreography/util.go:27.8,29.5 1 1
github.com/owulveryck/gchoreography/choreography/util.go:34.53,36.24 2 1
github.com/owulveryck/gchoreography/choreography/util.go:44.2,44.10 1 1
github.com/owulveryck/gchoreography/choreography/util.go:36.24,38.13 2 1
github.com/owulveryck/gchoreography/choreography/util.go:38.13,39.8 1 1
github.com/owulveryck/gchoreography/choreography/util.go:39.8,41.5 1 1
